package main

func foo(a, b int) int { return a }

func bar(a, b int) int {
	return a
}
