package main

func foo(a, b, c int) int {
	return a + b - c
}
